// Jest Snapshot v1, https://goo.gl/fbAQLP

exports[`LoginModal renders correctly and matches snapshot 1`] = `<DocumentFragment />`;
